Ошибки:
